// Jest Snapshot v1, https://goo.gl/fbAQLP

exports[`FavoriteBtn should match the snapshot 1`] = `
ShallowWrapper {
  Symbol(enzyme.__root__): [Circular],
  Symbol(enzyme.__unrendered__): <FavoriteBtn
    favorites={
      Array [
        Object {
          "movie_id": 1,
          "overview": "mock overview",
          "poster_path": "https://image.tmdb.org/t/p/w400_and_h600_bestv2mockpath",
          "release_date": 20180101,
          "title": "mock title",
          "user_id": 1,
          "vote_average": 5,
        },
      ]
    }
    movies={
      Array [
        Object {
          "id": 1,
          "movie_id": 1,
          "overview": "mock overview",
          "poster_path": "mockpath",
          "release_date": 20180101,
          "title": "mock title",
          "user_id": 1,
          "vote_average": 5,
        },
      ]
    }
    setFavorites={[MockFunction]}
    user={
      Object {
        "id": 1,
      }
    }
  />,
  Symbol(enzyme.__renderer__): Object {
    "batchedUpdates": [Function],
    "getNode": [Function],
    "render": [Function],
    "simulateError": [Function],
    "simulateEvent": [Function],
    "unmount": [Function],
  },
  Symbol(enzyme.__node__): Object {
    "instance": null,
    "key": undefined,
    "nodeType": "host",
    "props": Object {
      "aria-label": "favorite-button",
      "children": Array [
        <p
          className="not-logged-in-warning false"
        >
          you are not logged in
        </p>,
        <button
          className="favorite-btn "
          onClick={[Function]}
        />,
      ],
      "className": "button-component-wrapper",
    },
    "ref": null,
    "rendered": Array [
      Object {
        "instance": null,
        "key": undefined,
        "nodeType": "host",
        "props": Object {
          "children": "you are not logged in",
          "className": "not-logged-in-warning false",
        },
        "ref": null,
        "rendered": "you are not logged in",
        "type": "p",
      },
      Object {
        "instance": null,
        "key": undefined,
        "nodeType": "host",
        "props": Object {
          "className": "favorite-btn ",
          "onClick": [Function],
        },
        "ref": null,
        "rendered": null,
        "type": "button",
      },
    ],
    "type": "div",
  },
  Symbol(enzyme.__nodes__): Array [
    Object {
      "instance": null,
      "key": undefined,
      "nodeType": "host",
      "props": Object {
        "aria-label": "favorite-button",
        "children": Array [
          <p
            className="not-logged-in-warning false"
          >
            you are not logged in
          </p>,
          <button
            className="favorite-btn "
            onClick={[Function]}
          />,
        ],
        "className": "button-component-wrapper",
      },
      "ref": null,
      "rendered": Array [
        Object {
          "instance": null,
          "key": undefined,
          "nodeType": "host",
          "props": Object {
            "children": "you are not logged in",
            "className": "not-logged-in-warning false",
          },
          "ref": null,
          "rendered": "you are not logged in",
          "type": "p",
        },
        Object {
          "instance": null,
          "key": undefined,
          "nodeType": "host",
          "props": Object {
            "className": "favorite-btn ",
            "onClick": [Function],
          },
          "ref": null,
          "rendered": null,
          "type": "button",
        },
      ],
      "type": "div",
    },
  ],
  Symbol(enzyme.__options__): Object {
    "adapter": ReactSixteenAdapter {
      "options": Object {
        "enableComponentDidUpdateOnSetState": true,
        "lifecycles": Object {
          "componentDidUpdate": Object {
            "onSetState": true,
          },
          "getDerivedStateFromProps": true,
          "getSnapshotBeforeUpdate": true,
          "setState": Object {
            "skipsComponentDidUpdateOnNullish": true,
          },
        },
      },
    },
  },
}
`;
