// Jest Snapshot v1, https://goo.gl/fbAQLP

exports[`SingleMovie should match the snapshot 1`] = `
ShallowWrapper {
  Symbol(enzyme.__root__): [Circular],
  Symbol(enzyme.__unrendered__): <SingleMovie
    id="100"
    poster_path="test_path"
    release_date="2018-01-01"
    title="test-title"
  />,
  Symbol(enzyme.__renderer__): Object {
    "batchedUpdates": [Function],
    "getNode": [Function],
    "render": [Function],
    "simulateError": [Function],
    "simulateEvent": [Function],
    "unmount": [Function],
  },
  Symbol(enzyme.__node__): Object {
    "instance": null,
    "key": undefined,
    "nodeType": "host",
    "props": Object {
      "aria-label": "single-movie-card",
      "children": Array [
        <div
          className="favorite-btn-wrapper"
        >
          <Connect(FavoriteBtn)
            movieId="100"
          />
        </div>,
        <img
          alt="test-title"
          src="https://image.tmdb.org/t/p/w370_and_h556_bestv2test_path"
        />,
        <section
          aria-label="movie-info"
          className="movie-poster-text"
        >
          <h2>
            test-title
          </h2>
          <h3>
            2018
          </h3>
        </section>,
      ],
      "className": "single-movie-wrapper",
    },
    "ref": null,
    "rendered": Array [
      Object {
        "instance": null,
        "key": undefined,
        "nodeType": "host",
        "props": Object {
          "children": <Connect(FavoriteBtn)
            movieId="100"
          />,
          "className": "favorite-btn-wrapper",
        },
        "ref": null,
        "rendered": Object {
          "instance": null,
          "key": undefined,
          "nodeType": "class",
          "props": Object {
            "movieId": "100",
          },
          "ref": null,
          "rendered": null,
          "type": [Function],
        },
        "type": "div",
      },
      Object {
        "instance": null,
        "key": undefined,
        "nodeType": "host",
        "props": Object {
          "alt": "test-title",
          "src": "https://image.tmdb.org/t/p/w370_and_h556_bestv2test_path",
        },
        "ref": null,
        "rendered": null,
        "type": "img",
      },
      Object {
        "instance": null,
        "key": undefined,
        "nodeType": "host",
        "props": Object {
          "aria-label": "movie-info",
          "children": Array [
            <h2>
              test-title
            </h2>,
            <h3>
              2018
            </h3>,
          ],
          "className": "movie-poster-text",
        },
        "ref": null,
        "rendered": Array [
          Object {
            "instance": null,
            "key": undefined,
            "nodeType": "host",
            "props": Object {
              "children": "test-title",
            },
            "ref": null,
            "rendered": "test-title",
            "type": "h2",
          },
          Object {
            "instance": null,
            "key": undefined,
            "nodeType": "host",
            "props": Object {
              "children": "2018",
            },
            "ref": null,
            "rendered": "2018",
            "type": "h3",
          },
        ],
        "type": "section",
      },
    ],
    "type": "div",
  },
  Symbol(enzyme.__nodes__): Array [
    Object {
      "instance": null,
      "key": undefined,
      "nodeType": "host",
      "props": Object {
        "aria-label": "single-movie-card",
        "children": Array [
          <div
            className="favorite-btn-wrapper"
          >
            <Connect(FavoriteBtn)
              movieId="100"
            />
          </div>,
          <img
            alt="test-title"
            src="https://image.tmdb.org/t/p/w370_and_h556_bestv2test_path"
          />,
          <section
            aria-label="movie-info"
            className="movie-poster-text"
          >
            <h2>
              test-title
            </h2>
            <h3>
              2018
            </h3>
          </section>,
        ],
        "className": "single-movie-wrapper",
      },
      "ref": null,
      "rendered": Array [
        Object {
          "instance": null,
          "key": undefined,
          "nodeType": "host",
          "props": Object {
            "children": <Connect(FavoriteBtn)
              movieId="100"
            />,
            "className": "favorite-btn-wrapper",
          },
          "ref": null,
          "rendered": Object {
            "instance": null,
            "key": undefined,
            "nodeType": "class",
            "props": Object {
              "movieId": "100",
            },
            "ref": null,
            "rendered": null,
            "type": [Function],
          },
          "type": "div",
        },
        Object {
          "instance": null,
          "key": undefined,
          "nodeType": "host",
          "props": Object {
            "alt": "test-title",
            "src": "https://image.tmdb.org/t/p/w370_and_h556_bestv2test_path",
          },
          "ref": null,
          "rendered": null,
          "type": "img",
        },
        Object {
          "instance": null,
          "key": undefined,
          "nodeType": "host",
          "props": Object {
            "aria-label": "movie-info",
            "children": Array [
              <h2>
                test-title
              </h2>,
              <h3>
                2018
              </h3>,
            ],
            "className": "movie-poster-text",
          },
          "ref": null,
          "rendered": Array [
            Object {
              "instance": null,
              "key": undefined,
              "nodeType": "host",
              "props": Object {
                "children": "test-title",
              },
              "ref": null,
              "rendered": "test-title",
              "type": "h2",
            },
            Object {
              "instance": null,
              "key": undefined,
              "nodeType": "host",
              "props": Object {
                "children": "2018",
              },
              "ref": null,
              "rendered": "2018",
              "type": "h3",
            },
          ],
          "type": "section",
        },
      ],
      "type": "div",
    },
  ],
  Symbol(enzyme.__options__): Object {
    "adapter": ReactSixteenAdapter {
      "options": Object {
        "enableComponentDidUpdateOnSetState": true,
        "lifecycles": Object {
          "componentDidUpdate": Object {
            "onSetState": true,
          },
          "getDerivedStateFromProps": true,
          "getSnapshotBeforeUpdate": true,
          "setState": Object {
            "skipsComponentDidUpdateOnNullish": true,
          },
        },
      },
    },
  },
}
`;
